[www.monash.edu/mada/student-work/madanow2021/design/students/jeren-velletri.html]
[www.monash.edu/__data/assets/js_file/0004/2635303/modernizr.min.js]
[backblue.gif]
[fade.gif]
[index.html]
[www.monash.edu/__data/assets/css_file/0004/2634970/madanow.css]
[www.monash.edu/mada/student-work/madanow2021/design/students/]
[live.staticflickr.com/65535/51673935103_7068fa7a3a_b.jpg]
[i.ytimg.com/vi/MFhDMrTHCsg/maxresdefault.jpg]
[live.staticflickr.com/65535/51672895902_41b6c509c9_b.jpg]
[live.staticflickr.com/65535/51674571890_110f3e1468_b.jpg]
[live.staticflickr.com/65535/51674572400_4c96728b5a_b.jpg]
[live.staticflickr.com/65535/51673702156_71cdf18ec2_b.jpg]
[www.monash.edu/__data/assets/image/0003/2635014/monashlogo.png]
[www.monash.edu/__data/assets/css_file/0008/2638727/madanow.css]
[www.monash.edu/__data/assets/js_file/0005/2578010/jquery.min.js]
[www.monash.edu/mada/student-work/madanow2021/design/students/jeren-velletri.html]
[www.monash.edu/__data/assets/css_file/0004/2634970/madanow.css]
[www.googletagmanager.com/gtm5445.html]
[www.monash.edu/mada/student-work/madanow2021/design/students/.html]
[www.monash.edu/__data/assets/css_file/0008/2638727/madanow.css]
[www.monash.edu/__data/assets/js_file/0020/2635211/plugins.min.js]
